[haar.qodeinteractive.com/index.html]
[backblue.gif]
[fade.gif]
[index.html]
[haar.qodeinteractive.com/wp-includes/css/dist/block-library/style.min6c2d.css]
[haar.qodeinteractive.com/wp-content/plugins/anti-spam/assets/css/admin-barba31.css]
[haar.qodeinteractive.com/wp-content/plugins/contact-form-7/includes/css/stylesfc7a.css]
[haar.qodeinteractive.com/wp-content/plugins/woocommerce/assets/css/brands519f.css]
[haar.qodeinteractive.com/comments/feed/index.html]
[haar.qodeinteractive.com/feed/index.html]
[haar.qodeinteractive.com/wp-content/themes/haar/style6c2d.css]
[haar.qodeinteractive.com/wp-content/themes/haar/assets/css/modules.min6c2d.css]
[haar.qodeinteractive.com/wp-content/themes/haar/assets/css/font-awesome/css/font-awesome.min6c2d.css]
[haar.qodeinteractive.com/wp-content/themes/haar/assets/css/elegant-icons/style.min6c2d.css]
[haar.qodeinteractive.com/wp-content/themes/haar/assets/css/ion-icons/css/ionicons.min6c2d.css]
[haar.qodeinteractive.com/wp-content/themes/haar/assets/css/linea-icons/style6c2d.css]
[haar.qodeinteractive.com/wp-content/themes/haar/assets/css/linear-icons/style6c2d.css]
[haar.qodeinteractive.com/wp-content/themes/haar/assets/css/simple-line-icons/simple-line-icons6c2d.css]
[haar.qodeinteractive.com/wp-content/themes/haar/assets/css/dripicons/dripicons6c2d.css]
[haar.qodeinteractive.com/wp-includes/js/mediaelement/mediaelementplayer-legacy.min1f61.css]
[haar.qodeinteractive.com/wp-includes/js/mediaelement/wp-mediaelement.min6c2d.css]
[haar.qodeinteractive.com/wp-content/themes/haar/assets/css/woocommerce.min6c2d.css]
[haar.qodeinteractive.com/wp-content/themes/haar/assets/css/woocommerce-responsive.min6c2d.css]
[haar.qodeinteractive.com/wp-content/themes/haar/assets/css/style_dynamic87d5.css]
[haar.qodeinteractive.com/wp-content/themes/haar/assets/css/modules-responsive.min6c2d.css]
[haar.qodeinteractive.com/wp-content/themes/haar/assets/css/style_dynamic_responsive87d5.css]
[haar.qodeinteractive.com/wp-content/plugins/js_composer/assets/css/js_composer.min3787.css]
[haar.qodeinteractive.com/wp-includes/js/jquery/jquery.minf43b.js]
[haar.qodeinteractive.com/wp-includes/js/jquery/jquery-migrate.min5589.js]
[haar.qodeinteractive.com/wp-content/plugins/revslider/sr6/assets/js/rbtools.min0c0c.js]
[haar.qodeinteractive.com/wp-content/plugins/revslider/sr6/assets/js/rs6.mine00b.js]
[haar.qodeinteractive.com/wp-content/plugins/woocommerce/assets/js/jquery-blockui/jquery.blockUI.mina535.js]
[haar.qodeinteractive.com/wp-content/plugins/woocommerce/assets/js/frontend/add-to-cart.min519f.js]
[haar.qodeinteractive.com/wp-content/plugins/woocommerce/assets/js/js-cookie/js.cookie.min6761.js]
[haar.qodeinteractive.com/wp-content/plugins/woocommerce/assets/js/frontend/woocommerce.min519f.js]
[haar.qodeinteractive.com/wp-content/plugins/js_composer/assets/js/vendors/woocommerce-add-to-cart3787.js]
[haar.qodeinteractive.com/wp-content/plugins/woocommerce/assets/js/select2/select2.full.min76a7.js]
[haar.qodeinteractive.com/wp-json/wp/v2/pages/27.json]
[haar.qodeinteractive.com/wp-json/index.html]
[haar.qodeinteractive.com/xmlrpc.220db0.delayed]
[haar.qodeinteractive.com/wp-json/oembed/1.0/embede653.json]
[haar.qodeinteractive.com/wp-json/oembed/1.0/embed8834]
[haar.qodeinteractive.com/wp-content/uploads/2018/03/cropped-favicon-1-32x32.png]
[haar.qodeinteractive.com/wp-content/uploads/2018/03/cropped-favicon-1-192x192.png]
[haar.qodeinteractive.com/wp-content/uploads/2018/03/cropped-favicon-1-180x180.png]
[haar.qodeinteractive.com/wp-content/uploads/2018/03/haar_logo_side-area.png]
[haar.qodeinteractive.com/cdn-cgi/l/email-protection.html]
[haar.qodeinteractive.com/wp-content/uploads/2018/03/haar_logo_dark.png]
[haar.qodeinteractive.com/wp-content/uploads/2018/03/haar_logo_white.png]
[haar.qodeinteractive.com/wp-content/plugins/revslider/sr6/assets/assets/dummy.png]
[haar.qodeinteractive.com/interactive-showcase/index.html]
[haar.qodeinteractive.com/metro-portfolio/index.html]
[haar.qodeinteractive.com/cdn-cgi/scripts/5c5dd728/cloudflare-static/email-decode.min.js]
[haar.qodeinteractive.com/portfolio-pinterest/index.html]
[haar.qodeinteractive.com/portfolio-gallery/index.html]
[haar.qodeinteractive.com/wp-content/uploads/2018/02/tilt-img1-1.png]
[haar.qodeinteractive.com/interactive-links/index.html]
[haar.qodeinteractive.com/masonry-portfolio/index.html]
[haar.qodeinteractive.com/wp-content/uploads/2018/02/background-img1-1.jpg]
[haar.qodeinteractive.com/vcard-home/index.html]
[haar.qodeinteractive.com/wp-content/uploads/2018/02/tilt-img2.png]
[haar.qodeinteractive.com/designer-portfolio/index.html]
[haar.qodeinteractive.com/portfolio-columns/index.html]
[haar.qodeinteractive.com/project-showcase/index.html]
[haar.qodeinteractive.com/wp-content/uploads/2018/02/background-img2.jpg]
[haar.qodeinteractive.com/landing/index.html]
[haar.qodeinteractive.com/wp-content/uploads/2018/02/main-home-portfolio-img-2-550x550.jpg]
[haar.qodeinteractive.com/about-me/index.html]
[haar.qodeinteractive.com/contact-us/index.html]
[haar.qodeinteractive.com/about-us/index.html]
[haar.qodeinteractive.com/wp-content/uploads/2018/02/tilt-img3.png]
[haar.qodeinteractive.com/what-we-do/index.html]
[haar.qodeinteractive.com/wp-content/uploads/2018/02/background-img3.jpg]
[haar.qodeinteractive.com/coming-soon/index.html]
[haar.qodeinteractive.com/meet-the-team/index.html]
[haar.qodeinteractive.com/wp-content/uploads/2018/02/main-home-portfolio-img-3-550x550.jpg]
[haar.qodeinteractive.com/portfolio/standard/index.html]
[haar.qodeinteractive.com/wp-content/uploads/2018/02/tilt-img4.png]
[haar.qodeinteractive.com/portfolio/gallery/index.html]
[haar.qodeinteractive.com/portfolio/gallery-joined/index.html]
[haar.qodeinteractive.com/wp-content/uploads/2018/02/background-img4.jpg]
[haar.qodeinteractive.com/portfolio/masonry/index.html]
[haar.qodeinteractive.com/portfolio/carousel/index.html]
[haar.qodeinteractive.com/portfolio/pinterest/index.html]
[haar.qodeinteractive.com/wp-content/uploads/2018/02/main-home-portfolio-img-4-550x550.jpg]
[haar.qodeinteractive.com/portfolio/masonry-joined/index.html]
[haar.qodeinteractive.com/wp-content/uploads/2018/02/tilt-img5.png]
[haar.qodeinteractive.com/portfolio/three-columns/index.html]
[haar.qodeinteractive.com/portfolio/two-columns/index.html]
[haar.qodeinteractive.com/portfolio/two-columns-wide/index.html]
[haar.qodeinteractive.com/wp-content/uploads/2018/02/background-img5.jpg]
[haar.qodeinteractive.com/portfolio/three-columns-wide/index.html]
[haar.qodeinteractive.com/wp-content/uploads/2018/02/tilt-img5-550x550.png]
[haar.qodeinteractive.com/portfolio/four-columns-wide/index.html]
[haar.qodeinteractive.com/portfolio/five-columns/index.html]
[haar.qodeinteractive.com/portfolio/four-columns/index.html]
[haar.qodeinteractive.com/wp-content/uploads/2018/03/texture-img1.jpg]
[haar.qodeinteractive.com/portfolio/five-columns-wide/index.html]
[haar.qodeinteractive.com/wp-content/uploads/2018/02/main-home-img-1.jpg]
[haar.qodeinteractive.com/portfolio/standard-shader/index.html]
[haar.qodeinteractive.com/portfolio/gallery-overlay-outline-dark/index.html]
[haar.qodeinteractive.com/portfolio/gallery-overlay/index.html]
[haar.qodeinteractive.com/wp-content/uploads/2018/02/main-home-img-2.jpg]
[haar.qodeinteractive.com/portfolio/gallery-overlay-outline-light/index.html]
[haar.qodeinteractive.com/wp-content/uploads/2018/02/main-home-portfolio-img-6.jpg]
[haar.qodeinteractive.com/portfolio/gallery-zoom/index.html]
[haar.qodeinteractive.com/portfolio/gallery-slide-from-image-bottom/index.html]
[haar.qodeinteractive.com/portfolio-item/graphic-artwork/index.html]
[haar.qodeinteractive.com/wp-content/uploads/2018/02/main-home-portfolio-img-7.jpg]
[haar.qodeinteractive.com/portfolio-item/graphic-design/index.html]
[haar.qodeinteractive.com/wp-content/uploads/2018/03/main-home-portfolio-img-10.jpg]
[haar.qodeinteractive.com/portfolio-item/world-of-colors/index.html]
[haar.qodeinteractive.com/portfolio-item/digital-art/index.html]
[haar.qodeinteractive.com/portfolio-item/virtual-design/index.html]
[haar.qodeinteractive.com/wp-content/uploads/2018/03/main-home-portfolio-img-11.jpg]
[haar.qodeinteractive.com/portfolio-item/digital-version/index.html]
[haar.qodeinteractive.com/wp-content/uploads/2018/03/main-home-img-10.jpg]
[haar.qodeinteractive.com/portfolio-item/formation/index.html]
[haar.qodeinteractive.com/portfolio-item/plain-method/index.html]
[haar.qodeinteractive.com/portfolio-item/masonry-design/index.html]
[haar.qodeinteractive.com/wp-content/uploads/2018/03/main-home-img-13.jpg]
[haar.qodeinteractive.com/blog-masonry/index.html]
[haar.qodeinteractive.com/wp-content/uploads/2018/03/main-home-img-11.jpg]
[haar.qodeinteractive.com/wp-content/uploads/2018/02/main-home-img-7.jpg]
[haar.qodeinteractive.com/wp-content/uploads/2018/02/tilt-img4-571x399.png]
[haar.qodeinteractive.com/without-sidebar/index.html]
[haar.qodeinteractive.com/left-sidebar/index.html]
[haar.qodeinteractive.com/right-sidebar/index.html]
[haar.qodeinteractive.com/wp-content/uploads/2018/02/clients-img5.png]
[haar.qodeinteractive.com/little-talk-with-the-stone-lady/index.html]
[haar.qodeinteractive.com/wp-content/uploads/2018/02/clients-img5-hover.png]
[haar.qodeinteractive.com/quote-of-the-day/index.html]
[haar.qodeinteractive.com/go-out-with-the-style-and-fashion-art/index.html]
[haar.qodeinteractive.com/wp-content/uploads/2018/02/clients-img4.png]
[haar.qodeinteractive.com/lorem-ipsum-dolor-sit-amet/index.html]
[haar.qodeinteractive.com/wp-content/uploads/2018/02/clients-img4-hover.png]
[haar.qodeinteractive.com/walk-alone-with-my-shadow/index.html]
[haar.qodeinteractive.com/wp-content/uploads/2018/02/clients-img3.png]
[haar.qodeinteractive.com/product/printed-sweatshirt/index.html]
[haar.qodeinteractive.com/the-great-wave/index.html]
[haar.qodeinteractive.com/shop/index.html]
[haar.qodeinteractive.com/wp-content/uploads/2018/02/clients-img3-hover.png]
[haar.qodeinteractive.com/shop/two-columns/index.html]
[haar.qodeinteractive.com/wp-content/uploads/2018/02/clients-img2.png]
[haar.qodeinteractive.com/shop/three-columns/index.html]
[haar.qodeinteractive.com/shop/five-columns/index.html]
[haar.qodeinteractive.com/shop/four-columns/index.html]
[haar.qodeinteractive.com/wp-content/uploads/2018/02/clients-img2-hover.png]
[haar.qodeinteractive.com/shop/three-columns-wide/index.html]
[haar.qodeinteractive.com/wp-content/uploads/2018/02/clients-img1.png]
[haar.qodeinteractive.com/shop/four-columns-wide/index.html]
[haar.qodeinteractive.com/shop/five-columns-wide/index.html]
[haar.qodeinteractive.com/cart/index.html]
[haar.qodeinteractive.com/wp-content/uploads/2018/02/clients-img1-hover.png]
[haar.qodeinteractive.com/wp-content/uploads/2018/03/haar_logo_footer.png]
[haar.qodeinteractive.com/elements/accordions/index.html]
[haar.qodeinteractive.com/my-account/index.html]
[haar.qodeinteractive.com/elements/tabs/index.html]
[haar.qodeinteractive.com/wp-content/plugins/woocommerce/assets/client/blocks/wc-blocksadac.css]
[haar.qodeinteractive.com/elements/buttons/index.html]
[haar.qodeinteractive.com/elements/blog-post/index.html]
[haar.qodeinteractive.com/elements/lists/index.html]
[haar.qodeinteractive.com/elements/call-to-action/index.html]
[haar.qodeinteractive.com/wp-content/plugins/revslider/sr6/assets/css/rs6e00b.css]
[haar.qodeinteractive.com/elements/google-maps/index.html]
[haar.qodeinteractive.com/wp-includes/js/dist/hooks.min4fdd.js]
[haar.qodeinteractive.com/elements/testimonials/index.html]
[haar.qodeinteractive.com/elements/countdown/index.html]
[haar.qodeinteractive.com/elements/icon-with-text/index.html]
[haar.qodeinteractive.com/wp-includes/js/dist/i18n.minc33c.js]
[haar.qodeinteractive.com/wp-content/plugins/contact-form-7/includes/swv/js/indexfc7a.js]
[haar.qodeinteractive.com/elements/team/index.html]
[haar.qodeinteractive.com/wp-content/plugins/contact-form-7/includes/js/indexfc7a.js]
[haar.qodeinteractive.com/elements/pie-chart/index.html]
[haar.qodeinteractive.com/elements/counter/index.html]
[haar.qodeinteractive.com/elements/progress-bar/index.html]
[haar.qodeinteractive.com/wp-content/plugins/duracelltomi-google-tag-manager/dist/js/gtm4wp-form-move-tracker2c73.js]
[haar.qodeinteractive.com/wp-includes/js/jquery/ui/core.minb37e.js]
[haar.qodeinteractive.com/elements/video-button/index.html]
[haar.qodeinteractive.com/elements/blockquotes/index.html]
[haar.qodeinteractive.com/elements/contact-form/index.html]
[haar.qodeinteractive.com/wp-includes/js/jquery/ui/tabs.minb37e.js]
[haar.qodeinteractive.com/elements/highlights/index.html]
[haar.qodeinteractive.com/wp-includes/js/jquery/ui/accordion.minb37e.js]
[haar.qodeinteractive.com/elements/dropcaps/index.html]
[haar.qodeinteractive.com/elements/separators/index.html]
[haar.qodeinteractive.com/elements/columns/index.html]
[haar.qodeinteractive.com/wp-includes/js/mediaelement/mediaelement-and-player.min1f61.js]
[haar.qodeinteractive.com/elements/headings/index.html]
[haar.qodeinteractive.com/wp-includes/js/mediaelement/mediaelement-migrate.min6c2d.js]
[haar.qodeinteractive.com/category/technology/index.html]
[haar.qodeinteractive.com/wp-includes/js/mediaelement/wp-mediaelement.min6c2d.js]
[haar.qodeinteractive.com/2018/02/index.html]
[haar.qodeinteractive.com/author/admin/index.html]
[haar.qodeinteractive.com/wp-content/themes/haar/assets/js/modules/plugins/jquery.appear6c2d.js]
[haar.qodeinteractive.com/always-be-yourself-and-always-be-unique/index.html]
[haar.qodeinteractive.com/new-is-always-better-than-old-things-are/index.html]
[haar.qodeinteractive.com/wp-content/themes/haar/assets/js/modules/plugins/modernizr.min6c2d.js]
[haar.qodeinteractive.com/wp-includes/js/hoverIntent.min3e5a.js]
[haar.qodeinteractive.com/wp-content/themes/haar/assets/js/modules/plugins/jquery.plugin6c2d.js]
[haar.qodeinteractive.com/wp-content/themes/haar/assets/js/modules/plugins/owl.carousel.min6c2d.js]
[haar.qodeinteractive.com/wp-content/themes/haar/assets/js/modules/plugins/jquery.waypoints.min6c2d.js]
[haar.qodeinteractive.com/wp-content/themes/haar/assets/js/modules/plugins/fluidvids.min6c2d.js]
[haar.qodeinteractive.com/wp-content/plugins/js_composer/assets/lib/vendor/prettyphoto/js/jquery.prettyPhoto.min3787.js]
[haar.qodeinteractive.com/wp-content/themes/haar/assets/js/modules/plugins/perfect-scrollbar.jquery.min6c2d.js]
[haar.qodeinteractive.com/wp-content/themes/haar/assets/js/modules/plugins/ScrollToPlugin.min6c2d.js]
[haar.qodeinteractive.com/wp-content/themes/haar/assets/js/modules/plugins/parallax.min6c2d.js]
[haar.qodeinteractive.com/wp-content/themes/haar/assets/js/modules/plugins/jquery.waitforimages6c2d.js]
[haar.qodeinteractive.com/wp-content/themes/haar/assets/js/modules/plugins/jquery.easing.1.36c2d.js]
[haar.qodeinteractive.com/wp-content/plugins/js_composer/assets/lib/vendor/node_modules/isotope-layout/dist/isotope.pkgd.min3787.js]
[haar.qodeinteractive.com/wp-content/themes/haar/assets/js/modules/plugins/packery-mode.pkgd.min6c2d.js]
[haar.qodeinteractive.com/wp-content/themes/haar/assets/js/modules/plugins/swiper.min6c2d.js]
[haar.qodeinteractive.com/wp-content/themes/haar/assets/js/modules/plugins/tiltfx6c2d.js]
[haar.qodeinteractive.com/wp-content/themes/haar/assets/js/modules/plugins/jquery.mousewheel.min6c2d.js]
[haar.qodeinteractive.com/wp-content/plugins/edgtf-core/shortcodes/countdown/assets/js/plugins/jquery.countdown.min6c2d.js]
[haar.qodeinteractive.com/wp-content/plugins/edgtf-core/shortcodes/counter/assets/js/plugins/counter6c2d.js]
[haar.qodeinteractive.com/wp-content/plugins/edgtf-core/shortcodes/counter/assets/js/plugins/absoluteCounter.min6c2d.js]
[haar.qodeinteractive.com/wp-content/plugins/edgtf-core/shortcodes/custom-font/assets/js/plugins/typed6c2d.js]
[haar.qodeinteractive.com/wp-content/plugins/edgtf-core/shortcodes/pie-chart/assets/js/plugins/easypiechart6c2d.js]
[haar.qodeinteractive.com/wp-content/themes/haar/assets/js/modules.min6c2d.js]
[haar.qodeinteractive.com/wp-content/plugins/woocommerce/assets/js/sourcebuster/sourcebuster.min519f.js]
[haar.qodeinteractive.com/wp-content/plugins/woocommerce/assets/js/frontend/order-attribution.min519f.js]
[haar.qodeinteractive.com/wp-content/plugins/js_composer/assets/js/dist/js_composer_front.min3787.js]
[haar.qodeinteractive.com/index.html]
[haar.qodeinteractive.com/wp-includes/css/dist/block-library/style.min6c2d.css]
[haar.qodeinteractive.com/wp-content/plugins/anti-spam/assets/img/titan-icon.png]
[haar.qodeinteractive.com/wp-content/plugins/anti-spam/assets/css/admin-barba31.css]
[haar.qodeinteractive.com/wp-content/plugins/contact-form-7/includes/css/stylesfc7a.css]
[haar.qodeinteractive.com/wp-content/plugins/woocommerce/assets/css/brands519f.css]
[haar.qodeinteractive.com/wp-content/themes/haar/style6c2d.css]
[haar.qodeinteractive.com/wp-content/themes/haar/assets/img/preload_pattern.png]
[haar.qodeinteractive.com/wp-content/themes/haar/framework/modules/blog/assets/img/audio/play.png]
[haar.qodeinteractive.com/wp-content/themes/haar/framework/modules/blog/assets/img/audio/pause.png]
[haar.qodeinteractive.com/wp-content/themes/haar/framework/modules/blog/assets/img/audio/stop.png]
[haar.qodeinteractive.com/wp-content/themes/haar/framework/modules/blog/assets/img/audio/sound.png]
[haar.qodeinteractive.com/wp-content/themes/haar/framework/modules/blog/assets/img/audio/mute.png]
[haar.qodeinteractive.com/wp-content/plugins/edgtf-core/assets/css/img/desaturate.svg]
[haar.qodeinteractive.com/wp-content/themes/haar/assets/css/modules.min6c2d.css]
[haar.qodeinteractive.com/wp-content/themes/haar/assets/css/font-awesome/fonts/fontawesome-webfont3e6e.eot]
[haar.qodeinteractive.com/wp-content/themes/haar/assets/css/font-awesome/fonts/fontawesome-webfontd41d.eot]
[haar.qodeinteractive.com/wp-content/themes/haar/assets/css/font-awesome/fonts/fontawesome-webfont3e6e.woff2]
[haar.qodeinteractive.com/wp-content/themes/haar/assets/css/font-awesome/fonts/fontawesome-webfont3e6e.woff]
[haar.qodeinteractive.com/wp-content/themes/haar/assets/css/font-awesome/fonts/fontawesome-webfont3e6e.ttf]
[haar.qodeinteractive.com/wp-content/themes/haar/assets/css/font-awesome/css/font-awesome.min6c2d.css]
[haar.qodeinteractive.com/wp-content/themes/haar/assets/css/font-awesome/fonts/fontawesome-webfont3e6e.svg]
[haar.qodeinteractive.com/wp-content/themes/haar/assets/css/elegant-icons/fonts/ElegantIcons.eot]
[haar.qodeinteractive.com/wp-content/themes/haar/assets/css/elegant-icons/fonts/ElegantIconsd41d.eot]
[haar.qodeinteractive.com/wp-content/themes/haar/assets/css/elegant-icons/fonts/ElegantIcons.woff]
[haar.qodeinteractive.com/wp-content/themes/haar/assets/css/elegant-icons/fonts/ElegantIcons.ttf]
[haar.qodeinteractive.com/wp-content/themes/haar/assets/css/elegant-icons/style.min6c2d.css]
[haar.qodeinteractive.com/wp-content/themes/haar/assets/css/elegant-icons/fonts/ElegantIcons.svg]
[haar.qodeinteractive.com/wp-content/themes/haar/assets/css/ion-icons/fonts/ionicons28b5.eot]
[haar.qodeinteractive.com/wp-content/themes/haar/assets/css/ion-icons/fonts/ionicons28b5.ttf]
[haar.qodeinteractive.com/wp-content/themes/haar/assets/css/ion-icons/fonts/ionicons28b5.woff]
[haar.qodeinteractive.com/wp-content/themes/haar/assets/css/ion-icons/css/ionicons.min6c2d.css]
[haar.qodeinteractive.com/wp-content/themes/haar/assets/css/ion-icons/fonts/ionicons28b5.svg]
[haar.qodeinteractive.com/wp-content/themes/haar/assets/css/linea-icons/arrows/fonts/linea-arrows-10.eot]
[haar.qodeinteractive.com/wp-content/themes/haar/assets/css/linea-icons/arrows/fonts/linea-arrows-10d41d.eot]
[haar.qodeinteractive.com/wp-content/themes/haar/assets/css/linea-icons/arrows/fonts/linea-arrows-10.woff]
[haar.qodeinteractive.com/wp-content/themes/haar/assets/css/linea-icons/arrows/fonts/linea-arrows-10.ttf]
[haar.qodeinteractive.com/wp-content/themes/haar/assets/css/linea-icons/arrows/fonts/linea-arrows-10.svg]
[haar.qodeinteractive.com/wp-content/themes/haar/assets/css/linea-icons/basic/fonts/linea-basic-10.eot]
[haar.qodeinteractive.com/wp-content/themes/haar/assets/css/linea-icons/basic/fonts/linea-basic-10d41d.eot]
[haar.qodeinteractive.com/wp-content/themes/haar/assets/css/linea-icons/basic/fonts/linea-basic-10.woff]
[haar.qodeinteractive.com/wp-content/themes/haar/assets/css/linea-icons/basic/fonts/linea-basic-10.ttf]
[haar.qodeinteractive.com/wp-content/themes/haar/assets/css/linea-icons/basic/fonts/linea-basic-10.svg]
[haar.qodeinteractive.com/wp-content/themes/haar/assets/css/linea-icons/basic-elaboration/fonts/linea-basic-elaboration-10.eot]
[haar.qodeinteractive.com/wp-content/themes/haar/assets/css/linea-icons/basic-elaboration/fonts/linea-basic-elaboration-10d41d.eot]
[haar.qodeinteractive.com/wp-content/themes/haar/assets/css/linea-icons/basic-elaboration/fonts/linea-basic-elaboration-10.woff]
[haar.qodeinteractive.com/wp-content/themes/haar/assets/css/linea-icons/basic-elaboration/fonts/linea-basic-elaboration-10.ttf]
[haar.qodeinteractive.com/wp-content/themes/haar/assets/css/linea-icons/basic-elaboration/fonts/linea-basic-elaboration-10.svg]
[haar.qodeinteractive.com/wp-content/themes/haar/assets/css/linea-icons/ecommerce/fonts/linea-ecommerce-10.eot]
[haar.qodeinteractive.com/wp-content/themes/haar/assets/css/linea-icons/ecommerce/fonts/linea-ecommerce-10d41d.eot]
[haar.qodeinteractive.com/wp-content/themes/haar/assets/css/linea-icons/ecommerce/fonts/linea-ecommerce-10.woff]
[haar.qodeinteractive.com/wp-content/themes/haar/assets/css/linea-icons/ecommerce/fonts/linea-ecommerce-10.ttf]
[haar.qodeinteractive.com/wp-content/themes/haar/assets/css/linea-icons/ecommerce/fonts/linea-ecommerce-10.svg]
[haar.qodeinteractive.com/wp-content/themes/haar/assets/css/linea-icons/music/fonts/linea-music-10.eot]
[haar.qodeinteractive.com/wp-content/themes/haar/assets/css/linea-icons/music/fonts/linea-music-10d41d.eot]
[haar.qodeinteractive.com/wp-content/themes/haar/assets/css/linea-icons/music/fonts/linea-music-10.woff]
[haar.qodeinteractive.com/wp-content/themes/haar/assets/css/linea-icons/music/fonts/linea-music-10.ttf]
[haar.qodeinteractive.com/wp-content/themes/haar/assets/css/linea-icons/music/fonts/linea-music-10.svg]
[haar.qodeinteractive.com/wp-content/themes/haar/assets/css/linea-icons/software/fonts/linea-software-10.eot]
[haar.qodeinteractive.com/wp-content/themes/haar/assets/css/linea-icons/software/fonts/linea-software-10d41d.eot]
[haar.qodeinteractive.com/wp-content/themes/haar/assets/css/linea-icons/software/fonts/linea-software-10.woff]
[haar.qodeinteractive.com/wp-content/themes/haar/assets/css/linea-icons/software/fonts/linea-software-10.ttf]
[haar.qodeinteractive.com/wp-content/themes/haar/assets/css/linea-icons/software/fonts/linea-software-10.svg]
[haar.qodeinteractive.com/wp-content/themes/haar/assets/css/linea-icons/weather/fonts/linea-weather-10.eot]
[haar.qodeinteractive.com/wp-content/themes/haar/assets/css/linea-icons/weather/fonts/linea-weather-10d41d.eot]
[haar.qodeinteractive.com/wp-content/themes/haar/assets/css/linea-icons/weather/fonts/linea-weather-10.woff]
[haar.qodeinteractive.com/wp-content/themes/haar/assets/css/linea-icons/weather/fonts/linea-weather-10.ttf]
[haar.qodeinteractive.com/wp-content/themes/haar/assets/css/linea-icons/weather/fonts/linea-weather-10.svg]
[haar.qodeinteractive.com/wp-content/themes/haar/assets/css/linea-icons/style6c2d.css]
[haar.qodeinteractive.com/wp-content/themes/haar/assets/css/linear-icons/fonts/Linearicons-Free54e9.eot]
[haar.qodeinteractive.com/wp-content/themes/haar/assets/css/linear-icons/fonts/Linearicons-Freed41d.eot]
[haar.qodeinteractive.com/wp-content/themes/haar/assets/css/linear-icons/fonts/Linearicons-Free54e9.woff2]
[haar.qodeinteractive.com/wp-content/themes/haar/assets/css/linear-icons/fonts/Linearicons-Free54e9.woff]
[haar.qodeinteractive.com/wp-content/themes/haar/assets/css/linear-icons/fonts/Linearicons-Free54e9.ttf]
[haar.qodeinteractive.com/wp-content/themes/haar/assets/css/linear-icons/style6c2d.css]
[haar.qodeinteractive.com/wp-content/themes/haar/assets/css/linear-icons/fonts/Linearicons-Free54e9.svg]
[haar.qodeinteractive.com/wp-content/themes/haar/assets/css/simple-line-icons/fonts/Simple-Line-Iconsb26c.eot]
[haar.qodeinteractive.com/wp-content/themes/haar/assets/css/simple-line-icons/fonts/Simple-Line-Iconsb26c.ttf]
[haar.qodeinteractive.com/wp-content/themes/haar/assets/css/simple-line-icons/fonts/Simple-Line-Iconsb26c.woff2]
[haar.qodeinteractive.com/wp-content/themes/haar/assets/css/simple-line-icons/fonts/Simple-Line-Iconsb26c.woff]
[haar.qodeinteractive.com/wp-content/themes/haar/assets/css/simple-line-icons/simple-line-icons6c2d.css]
[haar.qodeinteractive.com/wp-content/themes/haar/assets/css/simple-line-icons/fonts/Simple-Line-Iconsb26c.svg]
[haar.qodeinteractive.com/wp-content/themes/haar/assets/css/dripicons/fonts/dripicons-v2.eot]
[haar.qodeinteractive.com/wp-content/themes/haar/assets/css/dripicons/fonts/dripicons-v2d41d.eot]
[haar.qodeinteractive.com/wp-content/themes/haar/assets/css/dripicons/fonts/dripicons-v2.woff]
[haar.qodeinteractive.com/wp-content/themes/haar/assets/css/dripicons/fonts/dripicons-v2.ttf]
[haar.qodeinteractive.com/wp-content/themes/haar/assets/css/dripicons/dripicons6c2d.css]
[haar.qodeinteractive.com/wp-content/themes/haar/assets/css/dripicons/fonts/dripicons-v2.svg]
[haar.qodeinteractive.com/wp-includes/js/mediaelement/mediaelementplayer-legacy.min1f61.css]
[haar.qodeinteractive.com/wp-includes/js/mediaelement/wp-mediaelement.min6c2d.css]
[haar.qodeinteractive.com/wp-content/themes/haar/assets/css/woocommerce.min6c2d.css]
[haar.qodeinteractive.com/wp-content/themes/haar/assets/css/woocommerce-responsive.min6c2d.css]
[haar.qodeinteractive.com/wp-includes/js/mediaelement/mejs-controls.svg]
[haar.qodeinteractive.com/wp-content/uploads/2018/02/404-background.jpg]
[haar.qodeinteractive.com/wp-content/uploads/2019/12/haar-footer-bckg.jpg]
[haar.qodeinteractive.com/wp-content/uploads/2018/02/fullscreen-menu-background.jpg]
[haar.qodeinteractive.com/wp-content/uploads/2018/02/wide-dd-background.jpg]
[haar.qodeinteractive.com/wp-content/uploads/2018/02/side-area-background-img.jpg]
[haar.qodeinteractive.com/wp-content/themes/haar/assets/css/style_dynamic87d5.css]
[haar.qodeinteractive.com/wp-content/themes/haar/assets/css/modules-responsive.min6c2d.css]
[haar.qodeinteractive.com/wp-content/themes/haar/assets/css/style_dynamic_responsive87d5.css]
[haar.qodeinteractive.com/wp-content/plugins/js_composer/assets/vc/alert.png]
[haar.qodeinteractive.com/wp-content/plugins/js_composer/assets/vc/info.png]
[haar.qodeinteractive.com/wp-content/plugins/js_composer/assets/vc/tick.png]
[haar.qodeinteractive.com/wp-content/plugins/js_composer/assets/vc/exclamation.png]
[haar.qodeinteractive.com/wp-content/plugins/js_composer/assets/images/icons/address-book.png]
[haar.qodeinteractive.com/wp-content/plugins/js_composer/assets/images/icons/alarm-clock.png]
[haar.qodeinteractive.com/wp-content/plugins/js_composer/assets/images/icons/anchor.png]
[haar.qodeinteractive.com/wp-content/plugins/js_composer/assets/images/icons/application-image.png]
[haar.qodeinteractive.com/wp-content/plugins/js_composer/assets/images/icons/arrow.png]
[haar.qodeinteractive.com/wp-content/plugins/js_composer/assets/images/icons/asterisk.png]
[haar.qodeinteractive.com/wp-content/plugins/js_composer/assets/images/icons/auction-hammer.png]
[haar.qodeinteractive.com/wp-content/plugins/js_composer/assets/images/icons/balloon.png]
[haar.qodeinteractive.com/wp-content/plugins/js_composer/assets/images/icons/balloon-buzz.png]
[haar.qodeinteractive.com/wp-content/plugins/js_composer/assets/images/icons/balloon-facebook.png]
[haar.qodeinteractive.com/wp-content/plugins/js_composer/assets/images/icons/balloon-twitter.png]
[haar.qodeinteractive.com/wp-content/plugins/js_composer/assets/images/icons/battery-full.png]
[haar.qodeinteractive.com/wp-content/plugins/js_composer/assets/images/icons/binocular.png]
[haar.qodeinteractive.com/wp-content/plugins/js_composer/assets/images/icons/blue-document-excel.png]
[haar.qodeinteractive.com/wp-content/plugins/js_composer/assets/images/icons/blue-document-image.png]
[haar.qodeinteractive.com/wp-content/plugins/js_composer/assets/images/icons/blue-document-music.png]
[haar.qodeinteractive.com/wp-content/plugins/js_composer/assets/images/icons/blue-document-office.png]
[haar.qodeinteractive.com/wp-content/plugins/js_composer/assets/images/icons/blue-document-pdf.png]
[haar.qodeinteractive.com/wp-content/plugins/js_composer/assets/images/icons/blue-document-powerpoint.png]
[haar.qodeinteractive.com/wp-content/plugins/js_composer/assets/images/icons/blue-document-word.png]
[haar.qodeinteractive.com/wp-content/plugins/js_composer/assets/images/icons/bookmark.png]
[haar.qodeinteractive.com/wp-content/plugins/js_composer/assets/images/icons/camcorder.png]
[haar.qodeinteractive.com/wp-content/plugins/js_composer/assets/images/icons/camera.png]
[haar.qodeinteractive.com/wp-content/plugins/js_composer/assets/images/icons/chart.png]
[haar.qodeinteractive.com/wp-content/plugins/js_composer/assets/images/icons/chart-pie.png]
[haar.qodeinteractive.com/wp-content/plugins/js_composer/assets/images/icons/clock.png]
[haar.qodeinteractive.com/wp-content/plugins/js_composer/assets/images/icons/control.png]
[haar.qodeinteractive.com/wp-content/plugins/js_composer/assets/images/icons/fire.png]
[haar.qodeinteractive.com/wp-content/plugins/js_composer/assets/images/icons/heart.png]
[haar.qodeinteractive.com/wp-content/plugins/js_composer/assets/images/icons/mail.png]
[haar.qodeinteractive.com/wp-content/plugins/js_composer/assets/images/icons/plus-shield.png]
[haar.qodeinteractive.com/wp-content/plugins/js_composer/assets/images/icons/video.png]
[haar.qodeinteractive.com/wp-content/plugins/js_composer/assets/fonts/vc_icons_v4/fonts/vcpb-plugin-icons7ea9.eot]
[haar.qodeinteractive.com/wp-content/plugins/js_composer/assets/fonts/vc_icons_v4/fonts/vcpb-plugin-icons7ea9.ttf]
[haar.qodeinteractive.com/wp-content/plugins/js_composer/assets/fonts/vc_icons_v4/fonts/vcpb-plugin-icons7ea9.woff]
[haar.qodeinteractive.com/wp-content/plugins/js_composer/assets/fonts/vc_icons_v4/fonts/vcpb-plugin-icons7ea9.svg]
[haar.qodeinteractive.com/wp-content/plugins/js_composer/assets/images/toggle_open.png]
[haar.qodeinteractive.com/wp-content/plugins/js_composer/assets/images/toggle_close.png]
[haar.qodeinteractive.com/wp-content/plugins/js_composer/assets/images/flickr.png]
[haar.qodeinteractive.com/wp-content/plugins/js_composer/assets/fonts/vc_grid/vc_grid_v157a1.eot]
[haar.qodeinteractive.com/wp-content/plugins/js_composer/assets/fonts/vc_grid/vc_grid_v1d41d.eot]
[haar.qodeinteractive.com/wp-content/plugins/js_composer/assets/fonts/vc_grid/vc_grid_v157a1.woff]
[haar.qodeinteractive.com/wp-content/plugins/js_composer/assets/fonts/vc_grid/vc_grid_v157a1.ttf]
[haar.qodeinteractive.com/wp-content/plugins/js_composer/assets/fonts/vc_grid/vc_grid_v157a1.svg]
[haar.qodeinteractive.com/wp-content/plugins/js_composer/assets/images/spinner.gif]
[haar.qodeinteractive.com/wp-content/plugins/js_composer/assets/vc/remove.png]
[haar.qodeinteractive.com/wp-content/plugins/js_composer/assets/css/js_composer.min3787.css]
[haar.qodeinteractive.com/xmlrpc0db0.html]
[haar.qodeinteractive.com/index142f.html]
[haar.qodeinteractive.com/cdn-cgi/l/email-protection.html]
[haar.qodeinteractive.com/wp-json/wp/v2/pages/710.json]
[haar.qodeinteractive.com/metro-portfolio/index.html]
[haar.qodeinteractive.com/interactive-showcase/index.html]
[haar.qodeinteractive.com/portfolio-pinterest/index.html]
[haar.qodeinteractive.com/portfolio-gallery/index.html]
[haar.qodeinteractive.com/masonry-portfolio/index.html]
[haar.qodeinteractive.com/interactive-links/index.html]
[haar.qodeinteractive.com/vcard-home/index.html]
[haar.qodeinteractive.com/portfolio-columns/index.html]
[haar.qodeinteractive.com/designer-portfolio/index.html]
[haar.qodeinteractive.com/project-showcase/index.html]
[haar.qodeinteractive.com/landing/index.html]
[haar.qodeinteractive.com/about-me/index.html]
[haar.qodeinteractive.com/about-us/index.html]
[haar.qodeinteractive.com/contact-us/index.html]
[haar.qodeinteractive.com/what-we-do/index.html]
[haar.qodeinteractive.com/meet-the-team/index.html]
[haar.qodeinteractive.com/coming-soon/index.html]
[haar.qodeinteractive.com/404/index.html]
[haar.qodeinteractive.com/portfolio/standard/index.html]
[haar.qodeinteractive.com/portfolio/gallery/index.html]
[haar.qodeinteractive.com/portfolio/gallery-joined/index.html]
[haar.qodeinteractive.com/portfolio/masonry/index.html]
[haar.qodeinteractive.com/portfolio/masonry-joined/index.html]
[haar.qodeinteractive.com/portfolio/pinterest/index.html]
[haar.qodeinteractive.com/portfolio/carousel/index.html]
[haar.qodeinteractive.com/portfolio/two-columns/index.html]
[haar.qodeinteractive.com/portfolio/two-columns-wide/index.html]
[haar.qodeinteractive.com/portfolio/three-columns/index.html]
[haar.qodeinteractive.com/portfolio/three-columns-wide/index.html]
[haar.qodeinteractive.com/portfolio/four-columns/index.html]
[haar.qodeinteractive.com/portfolio/four-columns-wide/index.html]
[haar.qodeinteractive.com/portfolio/five-columns/index.html]
[haar.qodeinteractive.com/portfolio/five-columns-wide/index.html]
[haar.qodeinteractive.com/portfolio/standard-shader/index.html]
[haar.qodeinteractive.com/portfolio/gallery-overlay/index.html]
[haar.qodeinteractive.com/portfolio/gallery-overlay-outline-dark/index.html]
[haar.qodeinteractive.com/portfolio/gallery-overlay-outline-light/index.html]
[haar.qodeinteractive.com/portfolio/gallery-zoom/index.html]
[haar.qodeinteractive.com/portfolio/gallery-slide-from-image-bottom/index.html]
[haar.qodeinteractive.com/portfolio-item/graphic-artwork/index.html]
[haar.qodeinteractive.com/portfolio-item/graphic-design/index.html]
[haar.qodeinteractive.com/portfolio-item/digital-art/index.html]
[haar.qodeinteractive.com/portfolio-item/virtual-design/index.html]
[haar.qodeinteractive.com/portfolio-item/world-of-colors/index.html]
[haar.qodeinteractive.com/portfolio-item/digital-version/index.html]
[haar.qodeinteractive.com/portfolio-item/formation/index.html]
[haar.qodeinteractive.com/portfolio-item/masonry-design/index.html]
[haar.qodeinteractive.com/portfolio-item/plain-method/index.html]
[haar.qodeinteractive.com/blog-masonry/index.html]
[haar.qodeinteractive.com/right-sidebar/index.html]
[haar.qodeinteractive.com/left-sidebar/index.html]
[haar.qodeinteractive.com/without-sidebar/index.html]
[haar.qodeinteractive.com/go-out-with-the-style-and-fashion-art/index.html]
[haar.qodeinteractive.com/little-talk-with-the-stone-lady/index.html]
[haar.qodeinteractive.com/lorem-ipsum-dolor-sit-amet/index.html]
[haar.qodeinteractive.com/quote-of-the-day/index.html]
[haar.qodeinteractive.com/the-great-wave/index.html]
[haar.qodeinteractive.com/walk-alone-with-my-shadow/index.html]
[haar.qodeinteractive.com/shop/index.html]
[haar.qodeinteractive.com/product/printed-sweatshirt/index.html]
[haar.qodeinteractive.com/shop/two-columns/index.html]
[haar.qodeinteractive.com/shop/three-columns/index.html]
[haar.qodeinteractive.com/shop/four-columns/index.html]
[haar.qodeinteractive.com/shop/five-columns/index.html]
[haar.qodeinteractive.com/shop/three-columns-wide/index.html]
[haar.qodeinteractive.com/shop/four-columns-wide/index.html]
[haar.qodeinteractive.com/shop/five-columns-wide/index.html]
[haar.qodeinteractive.com/cart/index.html]
[haar.qodeinteractive.com/checkout/index.html]
[haar.qodeinteractive.com/my-account/index.html]
[haar.qodeinteractive.com/elements/accordions/index.html]
[haar.qodeinteractive.com/elements/tabs/index.html]
[haar.qodeinteractive.com/elements/buttons/index.html]
[haar.qodeinteractive.com/elements/call-to-action/index.html]
[haar.qodeinteractive.com/elements/lists/index.html]
[haar.qodeinteractive.com/elements/blog-post/index.html]
[haar.qodeinteractive.com/elements/testimonials/index.html]
[haar.qodeinteractive.com/elements/google-maps/index.html]
[haar.qodeinteractive.com/elements/countdown/index.html]
[haar.qodeinteractive.com/elements/icon-with-text/index.html]
[haar.qodeinteractive.com/elements/progress-bar/index.html]
[haar.qodeinteractive.com/elements/team/index.html]
[haar.qodeinteractive.com/elements/pie-chart/index.html]
[haar.qodeinteractive.com/elements/counter/index.html]
[haar.qodeinteractive.com/elements/contact-form/index.html]
[haar.qodeinteractive.com/elements/video-button/index.html]
[haar.qodeinteractive.com/elements/blockquotes/index.html]
[haar.qodeinteractive.com/elements/highlights/index.html]
[haar.qodeinteractive.com/elements/dropcaps/index.html]
[haar.qodeinteractive.com/elements/columns/index.html]
[haar.qodeinteractive.com/elements/separators/index.html]
[haar.qodeinteractive.com/elements/headings/index.html]
[haar.qodeinteractive.com/portfolio-item/digital-version-of-design/index.html]
[haar.qodeinteractive.com/category/technology/index.html]
[haar.qodeinteractive.com/2018/02/index.html]
[haar.qodeinteractive.com/author/admin/index.html]
[haar.qodeinteractive.com/always-be-yourself-and-always-be-unique/index.html]
[haar.qodeinteractive.com/new-is-always-better-than-old-things-are/index.html]
[haar.qodeinteractive.com/wp-content/plugins/woocommerce/assets/client/blocks/wc-blocksadac.css]
[haar.qodeinteractive.com/wp-content/plugins/revslider/sr6/assets/css/rs6e00b.css]
[haar.qodeinteractive.com/wp-content/plugins/edgtf-core/assets/css/img/desaturate.svg]
[haar.qodeinteractive.com/wp-content/themes/haar/assets/css/font-awesome/fonts/fontawesome-webfont3e6e.svg]
[haar.qodeinteractive.com/wp-content/themes/haar/assets/css/elegant-icons/fonts/ElegantIcons.svg]
[haar.qodeinteractive.com/wp-content/themes/haar/assets/css/ion-icons/fonts/ionicons28b5.svg]
[haar.qodeinteractive.com/wp-content/themes/haar/assets/css/linea-icons/arrows/fonts/linea-arrows-10.svg]
[haar.qodeinteractive.com/wp-content/themes/haar/assets/css/linea-icons/basic/fonts/linea-basic-10.svg]
[haar.qodeinteractive.com/wp-content/themes/haar/assets/css/linea-icons/basic-elaboration/fonts/linea-basic-elaboration-10.svg]
[haar.qodeinteractive.com/wp-content/themes/haar/assets/css/linea-icons/ecommerce/fonts/linea-ecommerce-10.svg]
[haar.qodeinteractive.com/wp-content/themes/haar/assets/css/linea-icons/music/fonts/linea-music-10.svg]
[haar.qodeinteractive.com/wp-content/themes/haar/assets/css/linea-icons/software/fonts/linea-software-10.svg]
[haar.qodeinteractive.com/wp-content/themes/haar/assets/css/linea-icons/weather/fonts/linea-weather-10.svg]
[haar.qodeinteractive.com/wp-content/themes/haar/assets/css/linear-icons/fonts/Linearicons-Free54e9.svg]
[haar.qodeinteractive.com/wp-content/themes/haar/assets/css/simple-line-icons/fonts/Simple-Line-Iconsb26c.svg]
[haar.qodeinteractive.com/wp-content/themes/haar/assets/css/dripicons/fonts/dripicons-v2.svg]
[haar.qodeinteractive.com/wp-includes/js/mediaelement/mejs-controls.svg]
[haar.qodeinteractive.com/wp-content/plugins/js_composer/assets/fonts/vc_icons_v4/fonts/vcpb-plugin-icons7ea9.svg]
[haar.qodeinteractive.com/wp-content/plugins/js_composer/assets/fonts/vc_grid/vc_grid_v157a1.svg]
[haar.qodeinteractive.com/index3be3.html]
[haar.qodeinteractive.com/wp-json/oembed/1.0/embed8cec.html]
[haar.qodeinteractive.com/index37c3.html]
[haar.qodeinteractive.com/wp-json/oembed/1.0/embedd039]
